This file contains any messages produced by compilers while
running configure, to aid debugging if configure makes a mistake.

It was created by configure, which was
generated by GNU Autoconf 2.59.  Invocation command line was

  $ ./configure 

## --------- ##
## Platform. ##
## --------- ##

hostname = clust3r0
uname -m = x86_64
uname -r = 6.5.0-28-generic
uname -s = Linux
uname -v = #29~22.04.1-Ubuntu SMP PREEMPT_DYNAMIC Thu Apr  4 14:39:20 UTC 2

/usr/bin/uname -p = x86_64
/bin/uname -X     = unknown

/bin/arch              = x86_64
/usr/bin/arch -k       = unknown
/usr/convex/getsysinfo = unknown
hostinfo               = unknown
/bin/machine           = unknown
/usr/bin/oslevel       = unknown
/bin/universe          = unknown

PATH: /home/c0/.local/bin
PATH: /home/c0/.local/bin
PATH: /home/c0/.local/bin
PATH: /home/c0/.deno/bin
PATH: /home/c0/.nvm/versions/node/v16.20.0/bin
PATH: /home/c0/.local/bin
PATH: /home/c0/.local/bin
PATH: /home/c0/.local/bin
PATH: /home/c0/.deno/bin
PATH: /usr/local/sbin
PATH: /usr/local/bin
PATH: /usr/sbin
PATH: /usr/bin
PATH: /sbin
PATH: /bin
PATH: /usr/games
PATH: /usr/local/games
PATH: /snap/bin
PATH: /home/c0/.rvm/bin
PATH: /home/c0/go/bin
PATH: /home/c0/bin
PATH: /opt/mssql-tools18/bin
PATH: /home/c0/.rvm/bin
PATH: /home/c0/go/bin
PATH: /home/c0/bin
PATH: /opt/mssql-tools18/bin


## ----------- ##
## Core tests. ##
## ----------- ##

configure:1219: checking whether make sets $(MAKE)
configure:1239: result: yes
configure:1398: creating ./config.status

## ---------------------- ##
## Running config.status. ##
## ---------------------- ##

This file was extended by config.status, which was
generated by GNU Autoconf 2.59.  Invocation command line was

  CONFIG_FILES    = 
  CONFIG_HEADERS  = 
  CONFIG_LINKS    = 
  CONFIG_COMMANDS = 
  $ ./config.status 

on clust3r0

config.status:626: creating Makefile
configure:2219: configuring in avcall
configure:2336: running /bin/bash './configure' --prefix=/usr/local  --cache-file=/dev/null --srcdir=.
configure:2219: configuring in vacall
configure:2336: running /bin/bash './configure' --prefix=/usr/local  --cache-file=/dev/null --srcdir=.
configure:2219: configuring in trampoline
configure:2336: running /bin/bash './configure' --prefix=/usr/local  --cache-file=/dev/null --srcdir=.
configure:2219: configuring in callback
configure:2336: running /bin/bash './configure' --prefix=/usr/local  --cache-file=/dev/null --srcdir=.

## ---------------- ##
## Cache variables. ##
## ---------------- ##

ac_cv_env_build_alias_set=
ac_cv_env_build_alias_value=
ac_cv_env_host_alias_set=
ac_cv_env_host_alias_value=
ac_cv_env_target_alias_set=
ac_cv_env_target_alias_value=
ac_cv_prog_make_make_set=yes

## ----------------- ##
## Output variables. ##
## ----------------- ##

DEFS='-DPACKAGE_NAME=\"\" -DPACKAGE_TARNAME=\"\" -DPACKAGE_VERSION=\"\" -DPACKAGE_STRING=\"\" -DPACKAGE_BUGREPORT=\"\" '
ECHO_C=''
ECHO_N='-n'
ECHO_T=''
LIBOBJS=''
LIBS=''
LTLIBOBJS=''
PACKAGE_BUGREPORT=''
PACKAGE_NAME=''
PACKAGE_STRING=''
PACKAGE_TARNAME=''
PACKAGE_VERSION=''
PATH_SEPARATOR=':'
SET_MAKE=''
SHELL='/bin/bash'
bindir='${exec_prefix}/bin'
build_alias=''
datadir='${prefix}/share'
exec_prefix='${prefix}'
host_alias=''
includedir='${prefix}/include'
infodir='${prefix}/info'
libdir='${exec_prefix}/lib'
libexecdir='${exec_prefix}/libexec'
localstatedir='${prefix}/var'
mandir='${prefix}/man'
oldincludedir='/usr/include'
prefix='/usr/local'
program_transform_name='s,x,x,'
sbindir='${exec_prefix}/sbin'
sharedstatedir='${prefix}/com'
subdirs=' avcall vacall trampoline callback'
sysconfdir='${prefix}/etc'
target_alias=''

## ----------- ##
## confdefs.h. ##
## ----------- ##

#define PACKAGE_BUGREPORT ""
#define PACKAGE_NAME ""
#define PACKAGE_STRING ""
#define PACKAGE_TARNAME ""
#define PACKAGE_VERSION ""

configure: exit 0
